// Jest Snapshot v1, https://goo.gl/fbAQLP

exports[`Button snapShot enzyme renders as expected 1`] = `
ShallowWrapper {
  Symbol(enzyme.__root__): [Circular],
  Symbol(enzyme.__unrendered__): <Button
    text="t"
  />,
  Symbol(enzyme.__renderer__): Object {
    "batchedUpdates": [Function],
    "getNode": [Function],
    "render": [Function],
    "simulateError": [Function],
    "simulateEvent": [Function],
    "unmount": [Function],
  },
  Symbol(enzyme.__node__): Object {
    "instance": null,
    "key": undefined,
    "nodeType": "class",
    "props": Object {
      "activeOpacity": 0.85,
      "children": <Text
        accessible={true}
        allowFontScaling={true}
        ellipsizeMode="tail"
        style={
          Object {
            "color": "#ffffff",
            "fontSize": 18,
            "padding": 5,
            "textAlign": "center",
          }
        }
      >
        t
      </Text>,
      "delayPressOut": 100,
      "style": Object {
        "backgroundColor": "#ff5d39",
        "borderRadius": 10,
        "margin": 5,
        "marginBottom": 10,
        "marginTop": 10,
        "padding": 5,
      },
      "underlayColor": "black",
    },
    "ref": null,
    "rendered": Object {
      "instance": null,
      "key": undefined,
      "nodeType": "class",
      "props": Object {
        "accessible": true,
        "allowFontScaling": true,
        "children": "t",
        "ellipsizeMode": "tail",
        "style": Object {
          "color": "#ffffff",
          "fontSize": 18,
          "padding": 5,
          "textAlign": "center",
        },
      },
      "ref": null,
      "rendered": "t",
      "type": [Function],
    },
    "type": [Function],
  },
  Symbol(enzyme.__nodes__): Array [
    Object {
      "instance": null,
      "key": undefined,
      "nodeType": "class",
      "props": Object {
        "activeOpacity": 0.85,
        "children": <Text
          accessible={true}
          allowFontScaling={true}
          ellipsizeMode="tail"
          style={
            Object {
              "color": "#ffffff",
              "fontSize": 18,
              "padding": 5,
              "textAlign": "center",
            }
          }
        >
          t
        </Text>,
        "delayPressOut": 100,
        "style": Object {
          "backgroundColor": "#ff5d39",
          "borderRadius": 10,
          "margin": 5,
          "marginBottom": 10,
          "marginTop": 10,
          "padding": 5,
        },
        "underlayColor": "black",
      },
      "ref": null,
      "rendered": Object {
        "instance": null,
        "key": undefined,
        "nodeType": "class",
        "props": Object {
          "accessible": true,
          "allowFontScaling": true,
          "children": "t",
          "ellipsizeMode": "tail",
          "style": Object {
            "color": "#ffffff",
            "fontSize": 18,
            "padding": 5,
            "textAlign": "center",
          },
        },
        "ref": null,
        "rendered": "t",
        "type": [Function],
      },
      "type": [Function],
    },
  ],
  Symbol(enzyme.__options__): Object {
    "adapter": ReactSixteenAdapter {
      "options": Object {
        "enableComponentDidUpdateOnSetState": true,
        "lifecycles": Object {
          "componentDidUpdate": Object {
            "onSetState": true,
          },
          "getDerivedStateFromProps": true,
          "getSnapshotBeforeUpdate": true,
          "setState": Object {
            "skipsComponentDidUpdateOnNullish": true,
          },
        },
      },
    },
    "attachTo": undefined,
    "hydrateIn": undefined,
  },
}
`;

exports[`Button snapShot enzyme renders as expected 2`] = `
ShallowWrapper {
  Symbol(enzyme.__root__): [Circular],
  Symbol(enzyme.__unrendered__): <Button
    text="t"
  />,
  Symbol(enzyme.__renderer__): Object {
    "batchedUpdates": [Function],
    "getNode": [Function],
    "render": [Function],
    "simulateError": [Function],
    "simulateEvent": [Function],
    "unmount": [Function],
  },
  Symbol(enzyme.__node__): Object {
    "instance": null,
    "key": undefined,
    "nodeType": "class",
    "props": Object {
      "activeOpacity": 0.85,
      "children": <Text
        accessible={true}
        allowFontScaling={true}
        ellipsizeMode="tail"
        style={
          Object {
            "color": "#ffffff",
            "fontSize": 18,
            "padding": 5,
            "textAlign": "center",
          }
        }
      >
        t
      </Text>,
      "delayPressOut": 100,
      "style": Object {
        "backgroundColor": "#ff5d39",
        "borderRadius": 10,
        "margin": 5,
        "marginBottom": 10,
        "marginTop": 10,
        "padding": 5,
      },
      "underlayColor": "black",
    },
    "ref": null,
    "rendered": Object {
      "instance": null,
      "key": undefined,
      "nodeType": "class",
      "props": Object {
        "accessible": true,
        "allowFontScaling": true,
        "children": "t",
        "ellipsizeMode": "tail",
        "style": Object {
          "color": "#ffffff",
          "fontSize": 18,
          "padding": 5,
          "textAlign": "center",
        },
      },
      "ref": null,
      "rendered": "t",
      "type": [Function],
    },
    "type": [Function],
  },
  Symbol(enzyme.__nodes__): Array [
    Object {
      "instance": null,
      "key": undefined,
      "nodeType": "class",
      "props": Object {
        "activeOpacity": 0.85,
        "children": <Text
          accessible={true}
          allowFontScaling={true}
          ellipsizeMode="tail"
          style={
            Object {
              "color": "#ffffff",
              "fontSize": 18,
              "padding": 5,
              "textAlign": "center",
            }
          }
        >
          t
        </Text>,
        "delayPressOut": 100,
        "style": Object {
          "backgroundColor": "#ff5d39",
          "borderRadius": 10,
          "margin": 5,
          "marginBottom": 10,
          "marginTop": 10,
          "padding": 5,
        },
        "underlayColor": "black",
      },
      "ref": null,
      "rendered": Object {
        "instance": null,
        "key": undefined,
        "nodeType": "class",
        "props": Object {
          "accessible": true,
          "allowFontScaling": true,
          "children": "t",
          "ellipsizeMode": "tail",
          "style": Object {
            "color": "#ffffff",
            "fontSize": 18,
            "padding": 5,
            "textAlign": "center",
          },
        },
        "ref": null,
        "rendered": "t",
        "type": [Function],
      },
      "type": [Function],
    },
  ],
  Symbol(enzyme.__options__): Object {
    "adapter": ReactSixteenAdapter {
      "options": Object {
        "enableComponentDidUpdateOnSetState": true,
        "lifecycles": Object {
          "componentDidUpdate": Object {
            "onSetState": true,
          },
          "getDerivedStateFromProps": true,
          "getSnapshotBeforeUpdate": true,
          "setState": Object {
            "skipsComponentDidUpdateOnNullish": true,
          },
        },
      },
    },
    "attachTo": undefined,
    "hydrateIn": undefined,
  },
}
`;
